// Jest Snapshot v1, https://goo.gl/fbAQLP

exports[`FilterTag should render correct contents 1`] = `
<button
  aria-label="filters.aria.remove-filter"
  class="button tiny tag"
>
  <span>
    bar-foo
  </span>
   
  <span
    class="close ms-2 p-2"
  >
    <i
      class="icon cross"
    />
  </span>
</button>
`;
